src/components/SupabaseConnectivityTest.tsx(133,14): error TS2345: Argument of type 'string | undefined' is not assignable to parameter of type 'string'.
  Type 'undefined' is not assignable to type 'string'.
src/database/models/Deployment.ts(4,22): error TS2417: Class static side 'typeof Deployment' incorrectly extends base class static side 'typeof Model'.
  Types of property 'associations' are incompatible.
    Type '{ projects: { type: string; key: string; }; users: { type: string; key: string; }; }' is not assignable to type 'Associations'.
      Property 'projects' is incompatible with index signature.
        Type '{ type: string; key: string; }' is not assignable to type 'AssociationInfo'.
          Type '{ type: string; key: string; }' is not assignable to type 'Readonly<{ type: "belongs_to"; key: string; }>'.
            Types of property 'type' are incompatible.
              Type 'string' is not assignable to type '"belongs_to"'.
src/database/models/Project.ts(4,22): error TS2417: Class static side 'typeof Project' incorrectly extends base class static side 'typeof Model'.
  Types of property 'associations' are incompatible.
    Type '{ deployments: { type: string; foreignKey: string; }; }' is not assignable to type 'Associations'.
      Property 'deployments' is incompatible with index signature.
        Type '{ type: string; foreignKey: string; }' is not assignable to type 'AssociationInfo'.
          Type '{ type: string; foreignKey: string; }' is not assignable to type 'Readonly<{ type: "has_many"; foreignKey: string; }>'.
            Types of property 'type' are incompatible.
              Type 'string' is not assignable to type '"has_many"'.
src/hooks/__tests__/useSupabaseClient.test.tsx(318,5): error TS2554: Expected 1 arguments, but got 0.
src/hooks/__tests__/useSupabaseClient.test.tsx(319,5): error TS2554: Expected 1 arguments, but got 0.
src/navigation/screens/ProjectDetailsScreen.tsx(91,30): error TS2551: Property 'sampling_design' does not exist on type 'ProjectWithDetails'. Did you mean 'sampling_design_id'?
src/navigation/screens/ProjectDetailsScreen.tsx(92,29): error TS2339: Property 'privacy_level' does not exist on type 'ProjectWithDetails'.
src/navigation/screens/ProjectDetailsScreen.tsx(98,14): error TS2551: Property 'is_monitoring_marked_individual' does not exist on type 'ProjectWithDetails'. Did you mean 'is_monitoring_marked_individuals'?
src/navigation/screens/ProjectDetailsScreen.tsx(109,30): error TS2551: Property 'sampling_design' does not exist on type 'ProjectWithDetails'. Did you mean 'sampling_design_id'?
src/navigation/screens/ProjectDetailsScreen.tsx(110,29): error TS2339: Property 'privacy_level' does not exist on type 'ProjectWithDetails'.
src/navigation/screens/ProjectDetailsScreen.tsx(116,14): error TS2551: Property 'is_monitoring_marked_individual' does not exist on type 'ProjectWithDetails'. Did you mean 'is_monitoring_marked_individuals'?
src/navigation/screens/ProjectDetailsScreen.tsx(140,7): error TS2561: Object literal may only specify known properties, but 'sampling_design' does not exist in type 'Partial<ProjectWithDetails>'. Did you mean to write 'sampling_design_id'?
src/navigation/screens/ProjectDetailsScreen.tsx(549,18): error TS2551: Property 'sampling_design' does not exist on type 'ProjectWithDetails'. Did you mean 'sampling_design_id'?
src/navigation/screens/ProjectDetailsScreen.tsx(561,21): error TS2551: Property 'sampling_design' does not exist on type 'ProjectWithDetails'. Did you mean 'sampling_design_id'?
src/navigation/screens/ProjectDetailsScreen.tsx(591,20): error TS2339: Property 'privacy_level' does not exist on type 'ProjectWithDetails'.
src/navigation/screens/ProjectDetailsScreen.tsx(611,18): error TS2551: Property 'is_monitoring_marked_individual' does not exist on type 'ProjectWithDetails'. Did you mean 'is_monitoring_marked_individuals'?
src/navigation/screens/Projects.tsx(238,5): error TS2769: No overload matches this call.
  Overload 1 of 2, '(props: FlatListProps<ProjectWithDetails>): FlatList<ProjectWithDetails>', gave the following error.
    Type '(_: ProjectWithDetails[] | null | undefined, index: number) => { length: number; offset: number; index: number; }' is not assignable to type '(data: ArrayLike<ProjectWithDetails> | null | undefined, index: number) => { length: number; offset: number; index: number; }'.
      Types of parameters '_' and 'data' are incompatible.
        Type 'ArrayLike<ProjectWithDetails> | null | undefined' is not assignable to type 'ProjectWithDetails[] | null | undefined'.
          Type 'ArrayLike<ProjectWithDetails>' is missing the following properties from type 'ProjectWithDetails[]': pop, push, concat, join, and 28 more.
  Overload 2 of 2, '(props: FlatListProps<ProjectWithDetails>, context: any): FlatList<ProjectWithDetails>', gave the following error.
    Type '(_: ProjectWithDetails[] | null | undefined, index: number) => { length: number; offset: number; index: number; }' is not assignable to type '(data: ArrayLike<ProjectWithDetails> | null | undefined, index: number) => { length: number; offset: number; index: number; }'.
src/redux/api/enhanced/index.ts(150,24): error TS2339: Property 'message' does not exist on type '{}'.
src/redux/api/enhanced/index.ts(345,24): error TS2339: Property 'message' does not exist on type '{}'.
src/redux/api/enhanced/index.ts(365,4): error TS2322: Type '({ table, organisation_id }: { table: string; organisation_id?: string | undefined; }) => Promise<{ data: { channel: RealtimeChannel; status: string; }; error?: undefined; } | { error: { status: "SUBSCRIPTION_ERROR"; data: unknown; }; data?: undefined; }>' is not assignable to type '(arg: { table: string; organisation_id?: string | undefined; }, api: BaseQueryApi, extraOptions: {}, baseQuery: (arg: string | FetchArgs) => MaybePromise<QueryReturnValue<unknown, FetchBaseQueryError, FetchBaseQueryMeta>>) => MaybePromise<...>'.
  Type 'Promise<{ data: { channel: RealtimeChannel; status: string; }; error?: undefined; } | { error: { status: "SUBSCRIPTION_ERROR"; data: unknown; }; data?: undefined; }>' is not assignable to type 'MaybePromise<QueryReturnValue<any, FetchBaseQueryError, FetchBaseQueryMeta | undefined>>'.
    Type 'Promise<{ data: { channel: RealtimeChannel; status: string; }; error?: undefined; } | { error: { status: "SUBSCRIPTION_ERROR"; data: unknown; }; data?: undefined; }>' is not assignable to type 'PromiseLike<QueryReturnValue<any, FetchBaseQueryError, FetchBaseQueryMeta | undefined>>'.
      Types of property 'then' are incompatible.
        Type '<TResult1 = { data: { channel: RealtimeChannel; status: string; }; error?: undefined; } | { error: { status: "SUBSCRIPTION_ERROR"; data: unknown; }; data?: undefined; }, TResult2 = never>(onfulfilled?: ((value: { data: { channel: RealtimeChannel; status: string; }; error?: undefined; } | { ...; }) => TResult1 | Prom...' is not assignable to type '<TResult1 = QueryReturnValue<any, FetchBaseQueryError, FetchBaseQueryMeta | undefined>, TResult2 = never>(onfulfilled?: ((value: QueryReturnValue<any, FetchBaseQueryError, FetchBaseQueryMeta | undefined>) => TResult1 | PromiseLike<...>) | null | undefined, onrejected?: ((reason: any) => TResult2 | PromiseLike<...>) ...'.
          Types of parameters 'onfulfilled' and 'onfulfilled' are incompatible.
            Types of parameters 'value' and 'value' are incompatible.
              Type '{ data: { channel: RealtimeChannel; status: string; }; error?: undefined; } | { error: { status: "SUBSCRIPTION_ERROR"; data: unknown; }; data?: undefined; }' is not assignable to type 'QueryReturnValue<any, FetchBaseQueryError, FetchBaseQueryMeta | undefined>'.
                Type '{ error: { status: "SUBSCRIPTION_ERROR"; data: unknown; }; data?: undefined; }' is not assignable to type 'QueryReturnValue<any, FetchBaseQueryError, FetchBaseQueryMeta | undefined>'.
                  Type '{ error: { status: "SUBSCRIPTION_ERROR"; data: unknown; }; data?: undefined; }' is not assignable to type '{ error?: undefined; data: any; meta?: FetchBaseQueryMeta | undefined; }'.
                    Types of property 'error' are incompatible.
                      Type '{ status: "SUBSCRIPTION_ERROR"; data: unknown; }' is not assignable to type 'undefined'.
src/redux/middleware/offlineSyncMiddleware.ts(30,6): error TS2322: Type 'NetInfoStateType.none | NetInfoStateType.cellular | NetInfoStateType.wifi | NetInfoStateType.bluetooth | NetInfoStateType.ethernet | NetInfoStateType.wimax | NetInfoStateType.vpn | NetInfoStateType.other' is not assignable to type '"wifi" | "cellular" | "ethernet" | "none" | "unknown"'.
src/redux/middleware/offlineSyncMiddleware.ts(44,6): error TS2322: Type 'NetInfoStateType.none | NetInfoStateType.cellular | NetInfoStateType.wifi | NetInfoStateType.bluetooth | NetInfoStateType.ethernet | NetInfoStateType.wimax | NetInfoStateType.vpn | NetInfoStateType.other' is not assignable to type '"wifi" | "cellular" | "ethernet" | "none" | "unknown"'.
  Type 'NetInfoStateType.bluetooth' is not assignable to type '"wifi" | "cellular" | "ethernet" | "none" | "unknown"'.
src/redux/middleware/offlineSyncMiddleware.ts(98,35): error TS2339: Property 'dispatch' does not exist on type 'ForkedTaskAPI'.
src/redux/slices/authSlice.ts(188,28): error TS18047: 'action.payload' is possibly 'null'.
src/redux/slices/offlineSlice.ts(108,26): error TS2339: Property 'queueOperation' does not exist on type 'DatabaseService'.
src/redux/slices/offlineSlice.ts(140,45): error TS2339: Property 'getPendingOperations' does not exist on type 'DatabaseService'.
src/redux/slices/offlineSlice.ts(169,27): error TS2339: Property 'syncOperation' does not exist on type 'OfflineService'.
src/redux/slices/offlineSlice.ts(172,28): error TS2339: Property 'markOperationProcessed' does not exist on type 'DatabaseService'.
src/redux/slices/offlineSlice.ts(191,29): error TS2339: Property 'markOperationFailed' does not exist on type 'DatabaseService'.
src/redux/slices/offlineSlice.ts(208,29): error TS2339: Property 'incrementRetryCount' does not exist on type 'DatabaseService'.
src/redux/slices/offlineSlice.ts(232,45): error TS2339: Property 'getPendingOperations' does not exist on type 'DatabaseService'.
src/screens/AuthTestScreen.tsx(240,15): error TS2339: Property 'username' does not exist on type 'User'.
src/screens/AuthTestScreen.tsx(247,15): error TS2339: Property 'confirmed' does not exist on type 'User'.
src/screens/DeveloperSettingsScreen.tsx(270,44): error TS1323: Dynamic imports are only supported when the '--module' flag is set to 'es2020', 'es2022', 'esnext', 'commonjs', 'amd', 'system', 'umd', 'node16', or 'nodenext'.
src/screens/ProjectMembersScreen.tsx(182,34): error TS1323: Dynamic imports are only supported when the '--module' flag is set to 'es2020', 'es2022', 'esnext', 'commonjs', 'amd', 'system', 'umd', 'node16', or 'nodenext'.
src/services/__tests__/supabase-environment-switching.test.ts(99,18): error TS2339: Property '_isTestClient' does not exist on type 'SupabaseClient<Database, "public", { Tables: { activity_sensitivity: { Row: { created_at: string | null; deleted_at: string | null; description: string; id: number; is_active: boolean; modified_by: string; updated_at: string | null; value: string; }; Insert: { ...; }; Update: { ...; }; Relationships: []; }; ... 20 m...'.
src/services/__tests__/supabase-environment-switching.test.ts(158,18): error TS2339: Property '_isTestClient' does not exist on type 'SupabaseClient<Database, "public", { Tables: { activity_sensitivity: { Row: { created_at: string | null; deleted_at: string | null; description: string; id: number; is_active: boolean; modified_by: string; updated_at: string | null; value: string; }; Insert: { ...; }; Update: { ...; }; Relationships: []; }; ... 20 m...'.
src/services/__tests__/supabase-environment-switching.test.ts(173,44): error TS2339: Property 'removeAllSubscriptions' does not exist on type 'SupabaseClient<Database, "public", { Tables: { activity_sensitivity: { Row: { created_at: string | null; deleted_at: string | null; description: string; id: number; is_active: boolean; modified_by: string; updated_at: string | null; value: string; }; Insert: { ...; }; Update: { ...; }; Relationships: []; }; ... 20 m...'.
src/services/__tests__/supabase-environment-switching.test.ts(214,44): error TS2339: Property 'removeAllSubscriptions' does not exist on type 'SupabaseClient<Database, "public", { Tables: { activity_sensitivity: { Row: { created_at: string | null; deleted_at: string | null; description: string; id: number; is_active: boolean; modified_by: string; updated_at: string | null; value: string; }; Insert: { ...; }; Update: { ...; }; Relationships: []; }; ... 20 m...'.
src/services/__tests__/supabase-environment-switching.test.ts(364,19): error TS2339: Property '_url' does not exist on type 'SupabaseClient<Database, "public", { Tables: { activity_sensitivity: { Row: { created_at: string | null; deleted_at: string | null; description: string; id: number; is_active: boolean; modified_by: string; updated_at: string | null; value: string; }; Insert: { ...; }; Update: { ...; }; Relationships: []; }; ... 20 m...'.
src/services/__tests__/supabase-environment-switching.test.ts(382,19): error TS2339: Property 'removeAllSubscriptions' does not exist on type 'SupabaseClient<Database, "public", { Tables: { activity_sensitivity: { Row: { created_at: string | null; deleted_at: string | null; description: string; id: number; is_active: boolean; modified_by: string; updated_at: string | null; value: string; }; Insert: { ...; }; Update: { ...; }; Relationships: []; }; ... 20 m...'.
src/services/__tests__/supabase-environment-switching.test.ts(383,19): error TS2339: Property '_url' does not exist on type 'SupabaseClient<Database, "public", { Tables: { activity_sensitivity: { Row: { created_at: string | null; deleted_at: string | null; description: string; id: number; is_active: boolean; modified_by: string; updated_at: string | null; value: string; }; Insert: { ...; }; Update: { ...; }; Relationships: []; }; ... 20 m...'.
src/services/__tests__/supabase-environment-switching.test.ts(457,19): error TS2339: Property 'removeAllSubscriptions' does not exist on type 'SupabaseClient<Database, "public", { Tables: { activity_sensitivity: { Row: { created_at: string | null; deleted_at: string | null; description: string; id: number; is_active: boolean; modified_by: string; updated_at: string | null; value: string; }; Insert: { ...; }; Update: { ...; }; Relationships: []; }; ... 20 m...'.
src/services/__tests__/supabase-environment-switching.test.ts(458,19): error TS2339: Property 'removeAllSubscriptions' does not exist on type 'SupabaseClient<Database, "public", { Tables: { activity_sensitivity: { Row: { created_at: string | null; deleted_at: string | null; description: string; id: number; is_active: boolean; modified_by: string; updated_at: string | null; value: string; }; Insert: { ...; }; Update: { ...; }; Relationships: []; }; ... 20 m...'.
src/services/apiTest.ts(88,13): error TS2339: Property 'name' does not exist on type '{ created_at: string | null; deleted_at: string | null; firstname: string; id: string; modified_by: string; surname: string; updated_at: string | null; }'.
src/services/apiTest.ts(88,29): error TS2339: Property 'email' does not exist on type '{ created_at: string | null; deleted_at: string | null; firstname: string; id: string; modified_by: string; surname: string; updated_at: string | null; }'.
src/services/auth.ts(139,4): error TS2345: Argument of type '(uo: Tables<"user_organisations">) => string' is not assignable to parameter of type '(value: { organisation_id: string; }, index: number, array: { organisation_id: string; }[]) => string'.
  Types of parameters 'uo' and 'value' are incompatible.
    Type '{ organisation_id: string; }' is missing the following properties from type '{ created_at: string | null; deleted_at: string | null; id: string; organisation_id: string; updated_at: string | null; user_id: string; }': created_at, deleted_at, id, updated_at, user_id
src/services/auth.ts(191,38): error TS2345: Argument of type '(uo: Tables<"user_organisations">) => { id: string; name: string; role: "ww_admin" | "project_admin" | "project_member"; }' is not assignable to parameter of type '(value: { organisation_id: string; }, index: number, array: { organisation_id: string; }[]) => { id: string; name: string; role: "ww_admin" | "project_admin" | "project_member"; }'.
  Types of parameters 'uo' and 'value' are incompatible.
    Type '{ organisation_id: string; }' is not assignable to type '{ created_at: string | null; deleted_at: string | null; id: string; organisation_id: string; updated_at: string | null; user_id: string; }'.
src/services/auth.ts(193,5): error TS2769: No overload matches this call.
  Overload 1 of 2, '(predicate: (value: { id: string; name: string; slug: string; }, index: number, obj: { id: string; name: string; slug: string; }[]) => value is { id: string; name: string; slug: string; }, thisArg?: any): { id: string; name: string; slug: string; } | undefined', gave the following error.
    Argument of type '(o: Tables<"organisations">) => boolean' is not assignable to parameter of type '(value: { id: string; name: string; slug: string; }, index: number, obj: { id: string; name: string; slug: string; }[]) => value is { id: string; name: string; slug: string; }'.
      Types of parameters 'o' and 'value' are incompatible.
        Type '{ id: string; name: string; slug: string; }' is missing the following properties from type '{ created_at: string | null; created_by: string; deleted_at: string | null; id: string; is_active: boolean; metadata: Json; name: string; slug: string; updated_at: string | null; }': created_at, created_by, deleted_at, is_active, and 2 more.
  Overload 2 of 2, '(predicate: (value: { id: string; name: string; slug: string; }, index: number, obj: { id: string; name: string; slug: string; }[]) => unknown, thisArg?: any): { id: string; name: string; slug: string; } | undefined', gave the following error.
    Argument of type '(o: Tables<"organisations">) => boolean' is not assignable to parameter of type '(value: { id: string; name: string; slug: string; }, index: number, obj: { id: string; name: string; slug: string; }[]) => unknown'.
      Types of parameters 'o' and 'value' are incompatible.
        Type '{ id: string; name: string; slug: string; }' is not assignable to type '{ created_at: string | null; created_by: string; deleted_at: string | null; id: string; is_active: boolean; metadata: Json; name: string; slug: string; updated_at: string | null; }'.
src/services/auth.ts(198,5): error TS2769: No overload matches this call.
  Overload 1 of 2, '(predicate: (value: { role: string; scope_type: string; scope_id: string | null; }, index: number, obj: { role: string; scope_type: string; scope_id: string | null; }[]) => value is { role: string; scope_type: string; scope_id: string | null; }, thisArg?: any): { ...; } | undefined', gave the following error.
    Argument of type '(r: Tables<"user_roles">) => boolean' is not assignable to parameter of type '(value: { role: string; scope_type: string; scope_id: string | null; }, index: number, obj: { role: string; scope_type: string; scope_id: string | null; }[]) => value is { role: string; scope_type: string; scope_id: string | null; }'.
      Types of parameters 'r' and 'value' are incompatible.
        Type '{ role: string; scope_type: string; scope_id: string | null; }' is not assignable to type '{ created_at: string | null; deleted_at: string | null; expires_at: string | null; granted_at: string; granted_by: string | null; id: string; is_active: boolean; role: string; scope_id: string | null; scope_type: string; updated_at: string | null; user_id: string; }'.
  Overload 2 of 2, '(predicate: (value: { role: string; scope_type: string; scope_id: string | null; }, index: number, obj: { role: string; scope_type: string; scope_id: string | null; }[]) => unknown, thisArg?: any): { ...; } | undefined', gave the following error.
    Argument of type '(r: Tables<"user_roles">) => boolean' is not assignable to parameter of type '(value: { role: string; scope_type: string; scope_id: string | null; }, index: number, obj: { role: string; scope_type: string; scope_id: string | null; }[]) => unknown'.
      Types of parameters 'r' and 'value' are incompatible.
        Type '{ role: string; scope_type: string; scope_id: string | null; }' is not assignable to type '{ created_at: string | null; deleted_at: string | null; expires_at: string | null; granted_at: string; granted_by: string | null; id: string; is_active: boolean; role: string; scope_id: string | null; scope_type: string; updated_at: string | null; user_id: string; }'.
src/services/auth.ts(202,5): error TS2769: No overload matches this call.
  Overload 1 of 2, '(predicate: (value: { role: string; scope_type: string; scope_id: string | null; }, index: number, obj: { role: string; scope_type: string; scope_id: string | null; }[]) => value is { role: string; scope_type: string; scope_id: string | null; }, thisArg?: any): { ...; } | undefined', gave the following error.
    Argument of type '(r: Tables<"user_roles">) => boolean' is not assignable to parameter of type '(value: { role: string; scope_type: string; scope_id: string | null; }, index: number, obj: { role: string; scope_type: string; scope_id: string | null; }[]) => value is { role: string; scope_type: string; scope_id: string | null; }'.
      Types of parameters 'r' and 'value' are incompatible.
        Type '{ role: string; scope_type: string; scope_id: string | null; }' is missing the following properties from type '{ created_at: string | null; deleted_at: string | null; expires_at: string | null; granted_at: string; granted_by: string | null; id: string; is_active: boolean; role: string; scope_id: string | null; scope_type: string; updated_at: string | null; user_id: string; }': created_at, deleted_at, expires_at, granted_at, and 5 more.
  Overload 2 of 2, '(predicate: (value: { role: string; scope_type: string; scope_id: string | null; }, index: number, obj: { role: string; scope_type: string; scope_id: string | null; }[]) => unknown, thisArg?: any): { ...; } | undefined', gave the following error.
    Argument of type '(r: Tables<"user_roles">) => boolean' is not assignable to parameter of type '(value: { role: string; scope_type: string; scope_id: string | null; }, index: number, obj: { role: string; scope_type: string; scope_id: string | null; }[]) => unknown'.
      Types of parameters 'r' and 'value' are incompatible.
        Type '{ role: string; scope_type: string; scope_id: string | null; }' is not assignable to type '{ created_at: string | null; deleted_at: string | null; expires_at: string | null; granted_at: string; granted_by: string | null; id: string; is_active: boolean; role: string; scope_id: string | null; scope_type: string; updated_at: string | null; user_id: string; }'.
src/services/auth.ts(280,4): error TS2322: Type 'string' is not assignable to type 'UserRole'.
src/services/auth.ts(368,6): error TS2353: Object literal may only specify known properties, and 'username' does not exist in type 'User'.
src/services/offline/OfflineApiService.ts(39,33): error TS2769: No overload matches this call.
  Overload 1 of 2, '(values: { activity_detection_sensitivity_id?: number | null | undefined; capture_method_id?: number | null | undefined; created_at?: string | null | undefined; created_by?: string | null | undefined; ... 14 more ...; website?: string | ... 1 more ... | undefined; }, options?: { ...; } | undefined): PostgrestFilterBuilder<...>', gave the following error.
    Argument of type '{ created_at?: string | null | undefined; created_by?: string | null | undefined; deleted_at?: string | null | undefined; description?: string | null | undefined; end_date?: string | null | undefined; ... 11 more ...; website?: string | ... 1 more ... | undefined; }[]' is not assignable to parameter of type '{ activity_detection_sensitivity_id?: number | null | undefined; capture_method_id?: number | null | undefined; created_at?: string | null | undefined; created_by?: string | null | undefined; ... 14 more ...; website?: string | ... 1 more ... | undefined; }'.
      Type '{ created_at?: string | null | undefined; created_by?: string | null | undefined; deleted_at?: string | null | undefined; description?: string | null | undefined; end_date?: string | null | undefined; ... 11 more ...; website?: string | ... 1 more ... | undefined; }[]' is missing the following properties from type '{ activity_detection_sensitivity_id?: number | null | undefined; capture_method_id?: number | null | undefined; created_at?: string | null | undefined; created_by?: string | null | undefined; ... 14 more ...; website?: string | ... 1 more ... | undefined; }': modified_by, name, organisation_id
  Overload 2 of 2, '(values: { activity_detection_sensitivity_id?: number | null | undefined; capture_method_id?: number | null | undefined; created_at?: string | null | undefined; created_by?: string | null | undefined; ... 14 more ...; website?: string | ... 1 more ... | undefined; }[], options?: { ...; } | undefined): PostgrestFilterBuilder<...>', gave the following error.
    Property 'modified_by' is missing in type '{ created_at?: string | null | undefined; created_by?: string | null | undefined; deleted_at?: string | null | undefined; description?: string | null | undefined; end_date?: string | null | undefined; ... 11 more ...; website?: string | ... 1 more ... | undefined; }' but required in type '{ activity_detection_sensitivity_id?: number | null | undefined; capture_method_id?: number | null | undefined; created_at?: string | null | undefined; created_by?: string | null | undefined; ... 14 more ...; website?: string | ... 1 more ... | undefined; }'.
src/services/offline/OfflineApiService.ts(55,3): error TS2740: Type '{ activity_detection_sensitivity_id: number | null; capture_method_id: number | null; created_at: string | null; created_by: string | null; deleted_at: string | null; description: string | null; ... 12 more ...; website: string | null; }' is missing the following properties from type '{ created_at: string | null; created_by: string | null; deleted_at: string | null; description: string | null; end_date: string | null; id: string; is_baited: boolean | null; is_monitoring_marked_individual: boolean | null; ... 8 more ...; website: string | null; }': end_date, is_monitoring_marked_individual, is_private, owner_id, and 2 more.
src/services/offline/OfflineApiService.ts(80,3): error TS2322: Type '{ activity_detection_sensitivity_id: number | null; capture_method_id: number | null; created_at: string | null; created_by: string | null; deleted_at: string | null; description: string | null; ... 12 more ...; website: string | null; }' is not assignable to type '{ created_at: string | null; created_by: string | null; deleted_at: string | null; description: string | null; end_date: string | null; id: string; is_baited: boolean | null; is_monitoring_marked_individual: boolean | null; ... 8 more ...; website: string | null; }'.
src/services/offline/OfflineApiService.ts(189,3): error TS2322: Type '{ activity_detection_sensitivity_id: number | null; capture_method_id: number | null; created_at: string | null; created_by: string | null; deleted_at: string | null; description: string | null; ... 12 more ...; website: string | null; }' is not assignable to type '{ created_at: string | null; created_by: string | null; deleted_at: string | null; description: string | null; end_date: string | null; id: string; is_baited: boolean | null; is_monitoring_marked_individual: boolean | null; ... 8 more ...; website: string | null; }'.
src/services/offline/OfflineService.ts(740,48): error TS2345: Argument of type '{ id: string; project_id: string; organisation_id: string; device_id: string; location: {}; }' is not assignable to parameter of type 'DatabaseDeployment'.
  Type '{ id: string; project_id: string; organisation_id: string; device_id: string; location: {}; }' is missing the following properties from type 'DatabaseDeployment': status, lorawan_status
src/services/offline/OfflineService.ts(770,52): error TS2345: Argument of type '{ id: string; project_id: string | undefined; organisation_id: string; device_id: string | undefined; location: {}; }' is not assignable to parameter of type 'Partial<DatabaseDeployment>'.
  Types of property 'location' are incompatible.
    Type '{}' is missing the following properties from type '{ lat: number; lng: number; }': lat, lng
src/services/offline/OfflineService.ts(809,6): error TS2353: Object literal may only specify known properties, and 'lorawan_status' does not exist in type '{ camera_location_description?: string | null | undefined; camera_location_image_path?: string | null | undefined; capture_method_id?: number | null | undefined; created_at?: string | null | undefined; ... 15 more ...; user_id?: string | undefined; }'.
src/services/offline/SyncService.ts(112,6): error TS18046: 'error' is of type 'unknown'.
src/services/ProjectMemberService.ts(105,3): error TS2322: Type '{ email: string; id: string; is_in_project: boolean; name: string; roles: Json; }[]' is not assignable to type 'OrganizationUser[]'.
  Type '{ email: string; id: string; is_in_project: boolean; name: string; roles: Json; }' is not assignable to type 'OrganizationUser'.
    Types of property 'roles' are incompatible.
      Type 'Json' is not assignable to type '{ role: string; scope_type: string; scope_id: string | null; is_active: boolean; }[]'.
        Type 'null' is not assignable to type '{ role: string; scope_type: string; scope_id: string | null; is_active: boolean; }[]'.
src/services/ProjectMemberService.ts(139,3): error TS2322: Type '{ email: string; granted_at: string; granted_by: string; granted_by_name: string; id: string; name: string; role: string; }[]' is not assignable to type 'ProjectMember[]'.
  Type '{ email: string; granted_at: string; granted_by: string; granted_by_name: string; id: string; name: string; role: string; }' is not assignable to type 'ProjectMember'.
    Types of property 'role' are incompatible.
      Type 'string' is not assignable to type 'ProjectRole'.
src/services/ProjectMemberService.ts(183,3): error TS2322: Type 'Json' is not assignable to type 'MemberOperationResponse'.
  Type 'null' is not assignable to type 'MemberOperationResponse'.
src/services/ProjectMemberService.ts(232,3): error TS2322: Type 'Json' is not assignable to type 'MemberOperationResponse'.
src/services/ProjectMemberService.ts(279,3): error TS2322: Type 'Json' is not assignable to type 'MemberOperationResponse'.
src/services/ProjectMemberService.ts(305,46): error TS2345: Argument of type '"has_project_role_mvp2"' is not assignable to parameter of type '"add_project_member" | "get_current_user_id" | "get_organisation_report" | "get_organisation_users" | "get_project_health_report" | "get_project_members" | "get_user_access_report" | ... 9 more ... | "update_project_member_role"'.
src/services/ProjectService.ts(288,4): error TS2353: Object literal may only specify known properties, and 'owner_id' does not exist in type '{ activity_detection_sensitivity_id: number | null; capture_method_id: number | null; created_at: string | null; created_by: string | null; deleted_at: string | null; description: string | null; ... 12 more ...; website: string | null; }'.
src/services/ProjectService.ts(595,4): error TS2353: Object literal may only specify known properties, and 'owner_id' does not exist in type 'ProjectWithDetails'.
src/services/supabase.ts(24,7): error TS2724: '"../config/EnvironmentManager"' has no exported member named 'EnvironmentConfig'. Did you mean 'getEnvironmentConfig'?
src/services/supabase.ts(177,26): error TS2339: Property 'removeAllSubscriptions' does not exist on type 'SupabaseClient<Database, "public", { Tables: { activity_sensitivity: { Row: { created_at: string | null; deleted_at: string | null; description: string; id: number; is_active: boolean; modified_by: string; updated_at: string | null; value: string; }; Insert: { ...; }; Update: { ...; }; Relationships: []; }; ... 20 m...'.
src/types/index.ts(29,1): error TS2308: Module "./offline" has already exported a member named 'Deployment'. Consider explicitly re-exporting to resolve the ambiguity.
src/types/index.ts(29,1): error TS2308: Module "./offline" has already exported a member named 'Device'. Consider explicitly re-exporting to resolve the ambiguity.
src/types/index.ts(29,1): error TS2308: Module "./offline" has already exported a member named 'Organisation'. Consider explicitly re-exporting to resolve the ambiguity.
src/types/index.ts(29,1): error TS2308: Module "./offline" has already exported a member named 'Project'. Consider explicitly re-exporting to resolve the ambiguity.
src/types/index.ts(29,1): error TS2308: Module "./offline" has already exported a member named 'User'. Consider explicitly re-exporting to resolve the ambiguity.
src/types/index.ts(29,1): error TS2308: Module "./offline" has already exported a member named 'UserRole'. Consider explicitly re-exporting to resolve the ambiguity.
tests/__mocks__/supabase.ts(154,8): error TS2322: Type '{ name: string; message: string; status: number; code: "auth_error"; __isAuthError: true; }' is not assignable to type 'AuthError'.
  Property '__isAuthError' is protected but type '{ name: string; message: string; status: number; code: "auth_error"; __isAuthError: true; }' is not a class derived from 'AuthError'.
tests/__mocks__/supabase.ts(178,8): error TS2322: Type '{ name: string; message: string; status: number; code: "auth_error"; __isAuthError: true; }' is not assignable to type 'AuthError'.
  Property '__isAuthError' is protected but type '{ name: string; message: string; status: number; code: "auth_error"; __isAuthError: true; }' is not a class derived from 'AuthError'.
tests/integration/navigation/screens/Login.bdd.test.tsx(52,43): error TS2345: Argument of type '() => () => void' is not assignable to parameter of type '() => void | Promise<void>'.
  Type '() => void' is not assignable to type 'void | Promise<void>'.
tests/integration/navigation/screens/Login.bdd.test.tsx(55,37): error TS2345: Argument of type '() => () => void' is not assignable to parameter of type '() => void | Promise<void>'.
  Type '() => void' is not assignable to type 'void | Promise<void>'.
tests/integration/navigation/screens/Login.bdd.test.tsx(82,25): error TS2551: Property 'emailRequired' does not exist on type '{ EMAIL_REQUIRED: string; INVALID_EMAIL: string; PASSWORD_REQUIRED: string; PASSWORD_TOO_SHORT: string; PASSWORDS_DONT_MATCH: string; }'. Did you mean 'EMAIL_REQUIRED'?
tests/integration/navigation/screens/Login.bdd.test.tsx(88,25): error TS2551: Property 'passwordRequired' does not exist on type '{ EMAIL_REQUIRED: string; INVALID_EMAIL: string; PASSWORD_REQUIRED: string; PASSWORD_TOO_SHORT: string; PASSWORDS_DONT_MATCH: string; }'. Did you mean 'PASSWORD_REQUIRED'?
tests/integration/navigation/screens/Login.bdd.test.tsx(103,45): error TS2345: Argument of type '() => () => void' is not assignable to parameter of type '() => void | Promise<void>'.
  Type '() => void' is not assignable to type 'void | Promise<void>'.
tests/integration/navigation/screens/Login.bdd.test.tsx(106,37): error TS2345: Argument of type '() => () => void' is not assignable to parameter of type '() => void | Promise<void>'.
  Type '() => void' is not assignable to type 'void | Promise<void>'.
tests/integration/navigation/screens/Login.bdd.test.tsx(112,63): error TS2339: Property 'emailInvalid' does not exist on type '{ EMAIL_REQUIRED: string; INVALID_EMAIL: string; PASSWORD_REQUIRED: string; PASSWORD_TOO_SHORT: string; PASSWORDS_DONT_MATCH: string; }'.
tests/integration/navigation/screens/Login.bdd.test.tsx(126,35): error TS2345: Argument of type '() => () => void' is not assignable to parameter of type '() => void | Promise<void>'.
  Type '() => void' is not assignable to type 'void | Promise<void>'.
tests/integration/navigation/screens/Login.bdd.test.tsx(129,49): error TS2345: Argument of type '() => () => void' is not assignable to parameter of type '() => void | Promise<void>'.
  Type '() => void' is not assignable to type 'void | Promise<void>'.
tests/integration/navigation/screens/Login.bdd.test.tsx(136,25): error TS2551: Property 'passwordTooShort' does not exist on type '{ EMAIL_REQUIRED: string; INVALID_EMAIL: string; PASSWORD_REQUIRED: string; PASSWORD_TOO_SHORT: string; PASSWORDS_DONT_MATCH: string; }'. Did you mean 'PASSWORD_TOO_SHORT'?
tests/integration/navigation/screens/Login.bdd.test.tsx(176,17): error TS2339: Property 'userNavigatesToRegister' does not exist on type '{ userIsOnLoginScreen: () => void; userIsOnRegisterScreen: () => void; userEntersEmail: (email: string) => () => void; userEntersPassword: (password: string) => () => void; userEntersFirstName: (firstName: string) => () => void; ... 12 more ...; systemHidesLoadingState: () => Promise<...>; }'.
tests/integration/navigation/screens/Login.bdd.test.tsx(180,17): error TS2551: Property 'systemNavigatesToScreen' does not exist on type '{ userIsOnLoginScreen: () => void; userIsOnRegisterScreen: () => void; userEntersEmail: (email: string) => () => void; userEntersPassword: (password: string) => () => void; userEntersFirstName: (firstName: string) => () => void; ... 12 more ...; systemHidesLoadingState: () => Promise<...>; }'. Did you mean 'systemNavigatesToHomeScreen'?
tests/integration/navigation/screens/Login.bdd.test.tsx(196,17): error TS2339: Property 'userNavigatesToForgotPassword' does not exist on type '{ userIsOnLoginScreen: () => void; userIsOnRegisterScreen: () => void; userEntersEmail: (email: string) => () => void; userEntersPassword: (password: string) => () => void; userEntersFirstName: (firstName: string) => () => void; ... 12 more ...; systemHidesLoadingState: () => Promise<...>; }'.
tests/integration/navigation/screens/Login.bdd.test.tsx(200,17): error TS2551: Property 'systemNavigatesToScreen' does not exist on type '{ userIsOnLoginScreen: () => void; userIsOnRegisterScreen: () => void; userEntersEmail: (email: string) => () => void; userEntersPassword: (password: string) => () => void; userEntersFirstName: (firstName: string) => () => void; ... 12 more ...; systemHidesLoadingState: () => Promise<...>; }'. Did you mean 'systemNavigatesToHomeScreen'?
tests/integration/navigation/screens/Login.bdd.test.tsx(219,55): error TS2339: Property 'userChecksRememberMe' does not exist on type '{ userIsOnLoginScreen: () => void; userIsOnRegisterScreen: () => void; userEntersEmail: (email: string) => () => void; userEntersPassword: (password: string) => () => void; userEntersFirstName: (firstName: string) => () => void; ... 12 more ...; systemHidesLoadingState: () => Promise<...>; }'.
tests/integration/ProjectService.integration.test.ts(244,19): error TS2339: Property 'owner_id' does not exist on type '{ activity_detection_sensitivity_id: number | null; capture_method_id: number | null; created_at: string | null; created_by: string | null; deleted_at: string | null; description: string | null; ... 12 more ...; website: string | null; }'.
tests/integration/ProjectService.integration.test.ts(246,19): error TS2339: Property 'privacy_level' does not exist on type '{ activity_detection_sensitivity_id: number | null; capture_method_id: number | null; created_at: string | null; created_by: string | null; deleted_at: string | null; description: string | null; ... 12 more ...; website: string | null; }'.
tests/integration/ProjectService.integration.test.ts(248,19): error TS2551: Property 'is_monitoring_marked_individual' does not exist on type '{ activity_detection_sensitivity_id: number | null; capture_method_id: number | null; created_at: string | null; created_by: string | null; deleted_at: string | null; description: string | null; ... 12 more ...; website: string | null; }'. Did you mean 'is_monitoring_marked_individuals'?
tests/integration/screens/__tests__/NewProjectScreen.integration.test.tsx(44,4): error TS2322: Type 'Reducer<AuthState>' is not assignable to type 'Reducer<AuthState, UnknownAction, { user: { id: string; email: string; }; currentOrganisation: { id: string; name: string; }; session: null; isLoading: boolean; }>'.
  Types of parameters 'state' and 'state' are incompatible.
    Type 'AuthState | { user: { id: string; email: string; }; currentOrganisation: { id: string; name: string; }; session: null; isLoading: boolean; } | undefined' is not assignable to type 'AuthState | undefined'.
      Type '{ user: { id: string; email: string; }; currentOrganisation: { id: string; name: string; }; session: null; isLoading: boolean; }' is not assignable to type 'AuthState'.
tests/integration/screens/__tests__/NewProjectScreen.integration.test.tsx(48,3): error TS2719: Type '(getDefaultMiddleware: GetDefaultMiddleware<{ authentication: AuthState; aiModelsApi: import("C:/Users/VictorAnton/Wildlife-Watcher/wildlife-watcher-mobile-app/node_modules/@reduxjs/toolkit/dist/query/index").CombinedState<{ getAIModels: import("C:/Users/VictorAnton/Wildlife-Watcher/wildlife-watcher-mobile-app/node_...' is not assignable to type '(getDefaultMiddleware: GetDefaultMiddleware<{ authentication: AuthState; aiModelsApi: import("C:/Users/VictorAnton/Wildlife-Watcher/wildlife-watcher-mobile-app/node_modules/@reduxjs/toolkit/dist/query/index").CombinedState<{ getAIModels: import("C:/Users/VictorAnton/Wildlife-Watcher/wildlife-watcher-mobile-app/node_...'. Two different types with this name exist, but they are unrelated.
  Type 'import("C:/Users/VictorAnton/Wildlife-Watcher/wildlife-watcher-mobile-app/node_modules/@reduxjs/toolkit/dist/index").Tuple<[import("C:/Users/VictorAnton/Wildlife-Watcher/wildlife-watcher-mobile-app/node_modules/redux-thunk/dist/redux-thunk").ThunkMiddleware<{ authentication: AuthState; aiModelsApi: import("C:/Users/...' is not assignable to type 'import("C:/Users/VictorAnton/Wildlife-Watcher/wildlife-watcher-mobile-app/node_modules/@reduxjs/toolkit/dist/index").Tuple<[import("C:/Users/VictorAnton/Wildlife-Watcher/wildlife-watcher-mobile-app/node_modules/redux-thunk/dist/redux-thunk").ThunkMiddleware<{ authentication: AuthState; aiModelsApi: import("C:/Users/...'. Two different types with this name exist, but they are unrelated.
    Type '[import("C:/Users/VictorAnton/Wildlife-Watcher/wildlife-watcher-mobile-app/node_modules/redux-thunk/dist/redux-thunk").ThunkMiddleware<{ authentication: AuthState; aiModelsApi: import("C:/Users/VictorAnton/Wildlife-Watcher/wildlife-watcher-mobile-app/node_modules/@reduxjs/toolkit/dist/query/index").CombinedState<{ g...' is not assignable to type '[import("C:/Users/VictorAnton/Wildlife-Watcher/wildlife-watcher-mobile-app/node_modules/redux-thunk/dist/redux-thunk").ThunkMiddleware<{ authentication: AuthState; aiModelsApi: import("C:/Users/VictorAnton/Wildlife-Watcher/wildlife-watcher-mobile-app/node_modules/@reduxjs/toolkit/dist/query/index").CombinedState<{ g...'. Two different types with this name exist, but they are unrelated.
      Source has 3 element(s) but target allows only 1.
tests/integration/screens/__tests__/NewProjectScreen.integration.test.tsx(90,4): error TS2739: Type '{ id: string; name: string; version: string; organisation_id: string; created_at: string; updated_at: string; deleted_at: null; description: string; modified_by: string; storage_path: string; }' is missing the following properties from type '{ created_at: string | null; deleted_at: string | null; description: string | null; detection_capabilities: string[] | null; file_size_bytes: number | null; file_type: string | null; ... 7 more ...; version: string; }': detection_capabilities, file_size_bytes, file_type, uploaded_by
tests/integration/screens/__tests__/NewProjectScreen.integration.test.tsx(103,4): error TS2739: Type '{ id: string; name: string; version: string; organisation_id: string; created_at: string; updated_at: string; deleted_at: null; description: string; modified_by: string; storage_path: string; }' is missing the following properties from type '{ created_at: string | null; deleted_at: string | null; description: string | null; detection_capabilities: string[] | null; file_size_bytes: number | null; file_type: string | null; ... 7 more ...; version: string; }': detection_capabilities, file_size_bytes, file_type, uploaded_by
tests/integration/screens/__tests__/NewProjectScreen.integration.test.tsx(302,4): error TS2739: Type '{ id: string; name: string; version: string; organisation_id: string; created_at: string; updated_at: string; deleted_at: null; description: string; modified_by: string; storage_path: string; }' is missing the following properties from type '{ created_at: string | null; deleted_at: string | null; description: string | null; detection_capabilities: string[] | null; file_size_bytes: number | null; file_type: string | null; ... 7 more ...; version: string; }': detection_capabilities, file_size_bytes, file_type, uploaded_by
tests/integration/screens/__tests__/NewProjectScreen.integration.test.tsx(371,4): error TS2739: Type '{ id: string; name: string; version: string; organisation_id: string; created_at: string; updated_at: string; deleted_at: null; description: string; modified_by: string; storage_path: string; }' is missing the following properties from type '{ created_at: string | null; deleted_at: string | null; description: string | null; detection_capabilities: string[] | null; file_size_bytes: number | null; file_type: string | null; ... 7 more ...; version: string; }': detection_capabilities, file_size_bytes, file_type, uploaded_by
tests/integration/services/auth.test.ts(326,5): error TS2345: Argument of type '(callback: (event: AuthChangeEvent, session: Session | null) => void) => { data: { subscription: { unsubscribe: jest.Mock<any, any, any>; }; }; }' is not assignable to parameter of type '() => { data: { subscription: { unsubscribe: Mock<any, any, any>; }; }; }'.
  Target signature provides too few arguments. Expected 1 or more, but got 0.
tests/integration/services/auth.test.ts(337,10): error TS2722: Cannot invoke an object which is possibly 'undefined'.
tests/integration/services/auth.test.ts(356,5): error TS2345: Argument of type '(callback: (event: AuthChangeEvent, session: Session | null) => void) => { data: { subscription: { unsubscribe: jest.Mock<any, any, any>; }; }; }' is not assignable to parameter of type '() => { data: { subscription: { unsubscribe: Mock<any, any, any>; }; }; }'.
  Target signature provides too few arguments. Expected 1 or more, but got 0.
tests/integration/services/auth.test.ts(367,10): error TS2722: Cannot invoke an object which is possibly 'undefined'.
tests/setup/supabase-test-client.ts(84,40): error TS2769: No overload matches this call.
  Overload 1 of 2, '(values: { created_at?: string | null | undefined; deleted_at?: string | null | undefined; firstname: string; id: string; modified_by: string; surname: string; updated_at?: string | null | undefined; }, options?: { ...; } | undefined): PostgrestFilterBuilder<...>', gave the following error.
    Object literal may only specify known properties, and 'name' does not exist in type '{ created_at?: string | null | undefined; deleted_at?: string | null | undefined; firstname: string; id: string; modified_by: string; surname: string; updated_at?: string | null | undefined; }'.
  Overload 2 of 2, '(values: { created_at?: string | null | undefined; deleted_at?: string | null | undefined; firstname: string; id: string; modified_by: string; surname: string; updated_at?: string | null | undefined; }[], options?: { ...; } | undefined): PostgrestFilterBuilder<...>', gave the following error.
    Object literal may only specify known properties, and 'id' does not exist in type '{ created_at?: string | null | undefined; deleted_at?: string | null | undefined; firstname: string; id: string; modified_by: string; surname: string; updated_at?: string | null | undefined; }[]'.
tests/unit/services/offline/DatabaseService.test.ts(372,5): error TS2345: Argument of type 'string | undefined' is not assignable to parameter of type 'string'.
  Type 'undefined' is not assignable to type 'string'.
